#-----------------------------------------------------------
# Vivado v2022.1 (64-bit)
# SW Build 3526262 on Mon Apr 18 15:47:01 MDT 2022
# IP Build 3524634 on Mon Apr 18 20:55:01 MDT 2022
# Start of session at: Thu Nov  3 20:24:55 2022
# Process ID: 7709
# Current directory: /home/saverio/Documents/x-heep-biomedical/x-heep
# Command line: vivado
# Log file: /home/saverio/Documents/x-heep-biomedical/x-heep/vivado.log
# Journal file: /home/saverio/Documents/x-heep-biomedical/x-heep/vivado.jou
# Running On: sawi, OS: Linux, CPU Frequency: 2720.484 MHz, CPU Physical cores: 2, Host memory: 7907 MB
#-----------------------------------------------------------
start_gui
open_project /home/saverio/Documents/x-heep-biomedical/x-heep/build/openhwgroup.org_systems_core-v-mini-mcu_0/pynq-z2-vivado/openhwgroup.org_systems_core-v-mini-mcu_0.xpr
open_bd_design {/home/saverio/Documents/x-heep-biomedical/x-heep/build/openhwgroup.org_systems_core-v-mini-mcu_0/pynq-z2-vivado/openhwgroup.org_systems_core-v-mini-mcu_0.srcs/sources_1/bd/processing_system/processing_system.bd}
update_compile_order -fileset sources_1
update_compile_order -fileset sources_1
startgroup
set_property -dict [list CONFIG.PCW_USE_S_AXI_HP1 {1}] [get_bd_cells processing_system7_0]
endgroup
undo
set_property -dict [list CONFIG.PROTOCOL {AXI3}] [get_bd_intf_ports AXI_HP]
startgroup
create_bd_intf_port -mode Slave -vlnv xilinx.com:interface:aximm_rtl:1.0 S_AXI_HP0
set_property -dict [list CONFIG.PROTOCOL [get_property CONFIG.PROTOCOL [get_bd_intf_pins processing_system7_0/S_AXI_HP0]] CONFIG.ID_WIDTH [get_property CONFIG.ID_WIDTH [get_bd_intf_pins processing_system7_0/S_AXI_HP0]] CONFIG.HAS_REGION [get_property CONFIG.HAS_REGION [get_bd_intf_pins processing_system7_0/S_AXI_HP0]] CONFIG.NUM_READ_OUTSTANDING [get_property CONFIG.NUM_READ_OUTSTANDING [get_bd_intf_pins processing_system7_0/S_AXI_HP0]] CONFIG.NUM_WRITE_OUTSTANDING [get_property CONFIG.NUM_WRITE_OUTSTANDING [get_bd_intf_pins processing_system7_0/S_AXI_HP0]] CONFIG.MAX_BURST_LENGTH [get_property CONFIG.MAX_BURST_LENGTH [get_bd_intf_pins processing_system7_0/S_AXI_HP0]]] [get_bd_intf_ports S_AXI_HP0]
connect_bd_intf_net [get_bd_intf_pins processing_system7_0/S_AXI_HP0] [get_bd_intf_ports S_AXI_HP0]
endgroup
startgroup
make_bd_pins_external  [get_bd_pins processing_system7_0/S_AXI_HP0_ACLK]
endgroup
